// Vitest Snapshot v1, https://vitest.dev/guide/snapshot.html

exports[`Base64Converter > matches the snapshot 1`] = `
<div>
  <div
    class="p-8"
  >
    <h1
      class="text-2xl font-bold mb-4"
    >
      Base64 Encoder / Decoder
    </h1>
    <div
      class="grid grid-cols-1 md:grid-cols-2 gap-4"
    >
      <div>
        <h2
          class="text-lg font-semibold mb-2"
        >
          Input
        </h2>
        <textarea
          class="w-full h-64 p-2 border rounded-md font-mono text-sm bg-gray-50 dark:bg-gray-800 dark:text-white"
          placeholder="Enter string to encode/decode..."
        />
      </div>
      <div>
        <h2
          class="text-lg font-semibold mb-2"
        >
          Output
        </h2>
        <pre
          class="w-full h-64 p-2 border rounded-md bg-gray-50 dark:bg-gray-800 overflow-auto"
        >
          <code
            class="dark:text-white"
          />
        </pre>
      </div>
    </div>
    <div
      class="mt-4 flex space-x-2"
    >
      <button
        class="px-4 py-2 bg-blue-500 text-white rounded-md hover:bg-blue-600 transition-colors"
      >
        Encode
      </button>
      <button
        class="px-4 py-2 bg-green-500 text-white rounded-md hover:bg-green-600 transition-colors"
      >
        Decode
      </button>
      <button
        class="px-4 py-2 bg-gray-500 text-white rounded-md hover:bg-gray-600 transition-colors"
      >
        Clear
      </button>
    </div>
  </div>
</div>
`;
