// Vitest Snapshot v1, https://vitest.dev/guide/snapshot.html

exports[`CharacterCounter > matches the snapshot 1`] = `
<div>
  <div
    class="p-8"
  >
    <h1
      class="text-2xl font-bold mb-4"
    >
      Character & Word Counter
    </h1>
    <div
      class="grid grid-cols-1 gap-4"
    >
      <div>
        <h2
          class="text-lg font-semibold mb-2"
        >
          Input
        </h2>
        <textarea
          class="w-full h-64 p-2 border rounded-md font-mono text-sm bg-gray-50 dark:bg-gray-800 dark:text-white"
          placeholder="Enter text here..."
        />
      </div>
      <div
        class="flex space-x-4"
      >
        <div
          class="p-4 border rounded-md bg-gray-50 dark:bg-gray-800"
        >
          <h2
            class="text-lg font-semibold"
          >
            Characters
          </h2>
          <p
            class="text-2xl font-bold dark:text-white"
          >
            0
          </p>
        </div>
        <div
          class="p-4 border rounded-md bg-gray-50 dark:bg-gray-800"
        >
          <h2
            class="text-lg font-semibold"
          >
            Characters (no newlines)
          </h2>
          <p
            class="text-2xl font-bold dark:text-white"
          >
            0
          </p>
        </div>
        <div
          class="p-4 border rounded-md bg-gray-50 dark:bg-gray-800"
        >
          <h2
            class="text-lg font-semibold"
          >
            Words
          </h2>
          <p
            class="text-2xl font-bold dark:text-white"
          >
            0
          </p>
        </div>
      </div>
    </div>
    <div
      class="mt-4 flex space-x-2"
    >
      <button
        class="px-4 py-2 bg-gray-500 text-white rounded-md hover:bg-gray-600"
      >
        Clear
      </button>
    </div>
  </div>
</div>
`;
